
> rajadiglobal@0.1.0 build
> next build

Γû▓ Next.js 16.1.6 (Turbopack)

  Creating an optimized production build ...
node.exe : 
At line:1 char:1
+ & "C:\Program 
Files\nodejs/node.exe" 
"C:\Users\HP\AppData\Ro
aming\npm ...
+ ~~~~~~~~~~~~~~~~~~~~~
~~~~~~~~~~~~~~~~~~~~~~~
~~~~~~~~~~~~~~~~~~~~~~~
~~
    + CategoryInfo     
         : NotSpecifi  
  ed: (:String) [],    
 RemoteException
    + FullyQualifiedEr 
   rorId : NativeComm  
  andError
 
> Build error occurred
Error: Turbopack build 
failed with 1 errors:
./src/components/ui/Nav
bar.tsx:6:1
Module not found: 
Can't resolve 
'@/lib/utils'
[0m [90m 4 |[39m 
[36mimport[39m 
[33mLink[39m 
[36mfrom[39m [32m"ne
xt/link"[39m[33m;[39
m
 [90m 5 |[39m 
[36mimport[39m { [33
mMenu[39m[33m,[39m 
[33mX[39m[33m,[39m 
[33mChevronDown[39m 
} [36mfrom[39m [32m"
lucide-react"[39m[33m
;[39m
[31m[1m>[22m[39m[9
0m 6 |[39m 
[36mimport[39m { cn 
} [36mfrom[39m [32m"
@/lib/utils"[39m[33m;
[39m
 [90m   |[39m [31m[
1m^[22m[39m[31m[1m^
[22m[39m[31m[1m^[2
2m[39m[31m[1m^[22m
[39m[31m[1m^[22m[39
m[31m[1m^[22m[39m[
31m[1m^[22m[39m[31m
[1m^[22m[39m[31m[1
m^[22m[39m[31m[1m^
[22m[39m[31m[1m^[22
m[39m[31m[1m^[22m[
39m[31m[1m^[22m[39m
[31m[1m^[22m[39m[3
1m[1m^[22m[39m[31m
[1m^[22m[39m[31m[1m
^[22m[39m[31m[1m^[
22m[39m[31m[1m^[22m
[39m[31m[1m^[22m[3
9m[31m[1m^[22m[39m
[31m[1m^[22m[39m[31
m[1m^[22m[39m[31m[
1m^[22m[39m[31m[1m^
[22m[39m[31m[1m^[2
2m[39m[31m[1m^[22m
[39m[31m[1m^[22m[39
m[31m[1m^[22m[39m[
31m[1m^[22m[39m[31m
[1m^[22m[39m[31m[1
m^[22m[39m[31m[1m^
[22m[39m
 [90m 7 |[39m 
[36mimport[39m { 
motion[33m,[39m [33m
AnimatePresence[39m } 
[36mfrom[39m [32m"fr
amer-motion"[39m[33m;
[39m
 [90m 8 |[39m
 [90m 9 |[39m 
[36mconst[39m 
navLinks [33m=[39m 
[[0m

Import map: aliased to 
relative 
'./src/lib/utils' 
inside of [project]/


Import trace:
  Server Component:
    ./src/components/ui
/Navbar.tsx
    
./src/app/layout.tsx

https://nextjs.org/docs
/messages/module-not-fo
und


    at <unknown> (./src
/components/ui/Navbar.t
sx:6:1)
    at <unknown> (https
://nextjs.org/docs/mess
ages/module-not-found)
